// Jest Snapshot v1, https://goo.gl/fbAQLP

exports[`renders Header.js correctly 1`] = `
<header>
  <div
    className="heading-container"
  >
    <h1>
      Pokemon
    </h1>
    <p
      className="results"
    >
      Your search yielded no results.
    </p>
  </div>
  <form
    className="options"
    onSubmit={[Function]}
  >
    <div
      className="selection-container"
    >
      <div
        className="types-menu"
      >
        <label>
          Filter by type: 
        </label>
        <select
          input="typesInput"
          name="type"
          onChange={[Function]}
        >
          <option
            value="all"
          >
            All Shapes
          </option>
          <option
            value="bug"
          >
            Bug
          </option>
          <option
            value="dark"
          >
            Dark
          </option>
          <option
            value="dragon"
          >
            Dragon
          </option>
          <option
            value="electric"
          >
            Electric
          </option>
          <option
            value="fairy"
          >
            Fairy
          </option>
          <option
            value="fighting"
          >
            Fighting
          </option>
          <option
            value="fire"
          >
            Fire
          </option>
          <option
            value="flying"
          >
            Flying
          </option>
          <option
            value="ghost"
          >
            Ghost
          </option>
          <option
            value="grass"
          >
            Grass
          </option>
          <option
            value="ice"
          >
            Ice
          </option>
          <option
            value="normal"
          >
            Normal
          </option>
          <option
            value="poison"
          >
            Poison
          </option>
          <option
            value="psychic"
          >
            Psychic
          </option>
          <option
            value="rock"
          >
            Rock
          </option>
          <option
            value="steel"
          >
            Steel
          </option>
          <option
            value="water"
          >
            Water
          </option>
        </select>
      </div>
      <div
        className="shapes-menu"
      >
        <label>
          Filter by shape: 
        </label>
        <select
          input="shapesInput"
          name="shape"
          onChange={[Function]}
        >
          <option
            value="all"
          >
            All Types
          </option>
          <option
            value="armor"
          >
            Armor
          </option>
          <option
            value="arms"
          >
            Arms
          </option>
          <option
            value="ball"
          >
            Blob
          </option>
          <option
            value="bug-wings"
          >
            Bug Wings
          </option>
          <option
            value="fish"
          >
            Fish
          </option>
          <option
            value="heads"
          >
            Heads
          </option>
          <option
            value="humanoid"
          >
            Humanoid
          </option>
          <option
            value="legs"
          >
            Legs
          </option>
          <option
            value="quadruped"
          >
            Quadruped
          </option>
          <option
            value="squiggle"
          >
            Squiggle
          </option>
          <option
            value="tentacles"
          >
            Tentacles
          </option>
          <option
            value="upright"
          >
            Upright
          </option>
          <option
            value="wings"
          >
            Wings
          </option>
        </select>
      </div>
      <label>
        <input
          id="search"
          name="search"
          onChange={[Function]}
          placeholder="Search for your favorite Pokemon"
          value=""
        />
      </label>
    </div>
    <div
      className="button-div"
    >
      <button
        className="search"
      >
        Search
      </button>
    </div>
  </form>
</header>
`;
