// Jest Snapshot v1, https://goo.gl/fbAQLP

exports[`renders PokeItem.js correctly 1`] = `
<li
  className="card-container"
>
  <img />
  <p>
    Attack: 
    ; Defense: 
  </p>
  <h2 />
</li>
`;
